<?xml version="1.0" encoding="UTF-8"?>
<TestRun id="430c5e54-6a38-45d0-a6f0-8df20caa7154" name="paul@PC49 2010-07-21 10:08:07" runUser="ATCORAU\paul" xmlns="http://microsoft.com/schemas/VisualStudio/TeamTest/2006">
  <TestRunConfiguration name="Local Test Run" id="c74d9c15-705c-4840-9d86-d3aad6609adf">
    <Description>This is a default test run configuration for a local test run.</Description>
    <Deployment runDeploymentRoot="C:\Users\paul\Documents\Visual Studio 2008\Projects\biz\TestResults\paul_PC49 2010-07-21 10_08_07">
      <DeploymentItem filename="c:\Users\paul\Documents\Visual Studio 2008\Projects\biz\Debug\biz.dll" />
    </Deployment>
    <TestTypeSpecific />
  </TestRunConfiguration>
  <ResultSummary outcome="Failed">
    <Counters total="5" executed="5" error="0" failed="5" timeout="0" aborted="0" inconclusive="0" passedButRunAborted="0" notRunnable="0" notExecuted="0" disconnected="0" warning="0" passed="0" completed="0" inProgress="0" pending="0" />
  </ResultSummary>
  <Times creation="2010-07-21T10:08:07.9322452+10:00" queuing="2010-07-21T10:08:08.5719846+10:00" start="2010-07-21T10:08:08.7280186+10:00" finish="2010-07-21T10:08:09.4613784+10:00" />
  <TestDefinitions>
    <UnitTest name="MaxInArrayTest" storage="c:\users\paul\documents\visual studio 2008\projects\biz\debug\testbiz.dll" id="6a6efe9c-ce41-6858-052d-160bda5471b5">
      <Css projectStructure="" iteration="" />
      <Owners>
        <Owner name="" />
      </Owners>
      <DeploymentItems>
        <DeploymentItem filename="TestBiz\MaxInArray.csv" />
      </DeploymentItems>
      <Execution id="db3723f5-ba6d-430e-bd98-7df31dc7c717" />
      <TestMethod codeBase="c:\Users\paul\Documents\Visual Studio 2008\Projects\biz\Debug\TestBiz.dll" adapterTypeName="Microsoft.VisualStudio.TestTools.TestTypes.Unit.UnitTestAdapter, Microsoft.VisualStudio.QualityTools.Tips.UnitTest.Adapter, Version=9.0.0.0, Culture=neutral, PublicKeyToken=b03f5f7f11d50a3a" className="TestBiz.BizMathTest, TestBiz" name="MaxInArrayTest" />
      <DataSource connectionString="|DataDirectory|\MaxInArray.csv" providerInvariantName="Microsoft.VisualStudio.TestTools.DataSource.CSV" tableName="MaxInArray#csv" />
    </UnitTest>
  </TestDefinitions>
  <TestLists>
    <TestList name="Results Not in a List" id="8c84fa94-04c1-424b-9868-57a2d4851a1d" />
    <TestList name="All Loaded Results" id="19431567-8539-422a-85d7-44ee4e166bda" />
  </TestLists>
  <TestEntries>
    <TestEntry testId="6a6efe9c-ce41-6858-052d-160bda5471b5" executionId="db3723f5-ba6d-430e-bd98-7df31dc7c717" testListId="8c84fa94-04c1-424b-9868-57a2d4851a1d" />
  </TestEntries>
  <Results>
    <UnitTestResult executionId="db3723f5-ba6d-430e-bd98-7df31dc7c717" testId="6a6efe9c-ce41-6858-052d-160bda5471b5" testName="MaxInArrayTest" computerName="PC49" duration="00:00:00.3651456" startTime="2010-07-21T10:08:08.7592254+10:00" endTime="2010-07-21T10:08:09.4145682+10:00" testType="13cdc9d9-ddb5-4fa4-a97d-d965ccfc6d4b" outcome="Failed" testListId="8c84fa94-04c1-424b-9868-57a2d4851a1d" resultType="DataDrivenTest">
      <Output>
      </Output>
      <Counters error="0" failed="4" timeout="0" aborted="0" inconclusive="0" passedButRunAborted="0" notRunnable="0" notExecuted="0" disconnected="0" warning="0" passed="0" completed="0" inProgress="0" pending="0" />
      <InnerResults>
        <UnitTestResult executionId="da55df88-4f38-4e6b-bd59-8f4f24075c89" parentExecutionId="db3723f5-ba6d-430e-bd98-7df31dc7c717" testId="6a6efe9c-ce41-6858-052d-160bda5471b5" testName="MaxInArrayTest" computerName="PC49" duration="00:00:00.2075456" startTime="2010-07-21T10:08:09.1805172+10:00" endTime="2010-07-21T10:08:09.3833614+10:00" testType="13cdc9d9-ddb5-4fa4-a97d-d965ccfc6d4b" outcome="Failed" testListId="8c84fa94-04c1-424b-9868-57a2d4851a1d" dataRowInfo="0" resultType="DataDrivenDataRow">
          <Output>
            <ErrorInfo>
              <Message>Test method TestBiz.BizMathTest.MaxInArrayTest threw exception:  System.InvalidCastException: Unable to cast object of type 'System.String' to type 'System.Single[]'..</Message>
              <StackTrace>    at TestBiz.BizMathTest.MaxInArrayTest() in c:\users\paul\documents\visual studio 2008\projects\biz\testbiz\bizmathtest.cpp:line 171
</StackTrace>
            </ErrorInfo>
          </Output>
        </UnitTestResult>
        <UnitTestResult executionId="e3517194-e1d3-4dfe-a134-4a860c2cca8c" parentExecutionId="db3723f5-ba6d-430e-bd98-7df31dc7c717" testId="6a6efe9c-ce41-6858-052d-160bda5471b5" testName="MaxInArrayTest" computerName="PC49" duration="00:00:00.0008741" startTime="2010-07-21T10:08:09.3833614+10:00" endTime="2010-07-21T10:08:09.3833614+10:00" testType="13cdc9d9-ddb5-4fa4-a97d-d965ccfc6d4b" outcome="Failed" testListId="8c84fa94-04c1-424b-9868-57a2d4851a1d" dataRowInfo="1" resultType="DataDrivenDataRow">
          <Output>
            <ErrorInfo>
              <Message>Test method TestBiz.BizMathTest.MaxInArrayTest threw exception:  System.InvalidCastException: Unable to cast object of type 'System.String' to type 'System.Single[]'..</Message>
              <StackTrace>    at TestBiz.BizMathTest.MaxInArrayTest() in c:\users\paul\documents\visual studio 2008\projects\biz\testbiz\bizmathtest.cpp:line 171
</StackTrace>
            </ErrorInfo>
          </Output>
        </UnitTestResult>
        <UnitTestResult executionId="3e6f318a-2769-4f3b-a0c6-0b8cbdcbf5ef" parentExecutionId="db3723f5-ba6d-430e-bd98-7df31dc7c717" testId="6a6efe9c-ce41-6858-052d-160bda5471b5" testName="MaxInArrayTest" computerName="PC49" duration="00:00:00.0006943" startTime="2010-07-21T10:08:09.3833614+10:00" endTime="2010-07-21T10:08:09.3833614+10:00" testType="13cdc9d9-ddb5-4fa4-a97d-d965ccfc6d4b" outcome="Failed" testListId="8c84fa94-04c1-424b-9868-57a2d4851a1d" dataRowInfo="2" resultType="DataDrivenDataRow">
          <Output>
            <ErrorInfo>
              <Message>Test method TestBiz.BizMathTest.MaxInArrayTest threw exception:  System.InvalidCastException: Unable to cast object of type 'System.String' to type 'System.Single[]'..</Message>
              <StackTrace>    at TestBiz.BizMathTest.MaxInArrayTest() in c:\users\paul\documents\visual studio 2008\projects\biz\testbiz\bizmathtest.cpp:line 171
</StackTrace>
            </ErrorInfo>
          </Output>
        </UnitTestResult>
        <UnitTestResult executionId="a96b75ed-9592-4e41-a968-8b18ec4a5182" parentExecutionId="db3723f5-ba6d-430e-bd98-7df31dc7c717" testId="6a6efe9c-ce41-6858-052d-160bda5471b5" testName="MaxInArrayTest" computerName="PC49" duration="00:00:00.0006821" startTime="2010-07-21T10:08:09.3833614+10:00" endTime="2010-07-21T10:08:09.3833614+10:00" testType="13cdc9d9-ddb5-4fa4-a97d-d965ccfc6d4b" outcome="Failed" testListId="8c84fa94-04c1-424b-9868-57a2d4851a1d" dataRowInfo="3" resultType="DataDrivenDataRow">
          <Output>
            <ErrorInfo>
              <Message>Test method TestBiz.BizMathTest.MaxInArrayTest threw exception:  System.InvalidCastException: Unable to cast object of type 'System.String' to type 'System.Single[]'..</Message>
              <StackTrace>    at TestBiz.BizMathTest.MaxInArrayTest() in c:\users\paul\documents\visual studio 2008\projects\biz\testbiz\bizmathtest.cpp:line 171
</StackTrace>
            </ErrorInfo>
          </Output>
        </UnitTestResult>
      </InnerResults>
    </UnitTestResult>
  </Results>
</TestRun>