<?xml version="1.0" encoding="UTF-8"?>
<TestRun id="5034addd-3fdf-4fcd-b59f-6c61883d7b00" name="paul@PC49 2010-07-21 15:16:04" runUser="ATCORAU\paul" xmlns="http://microsoft.com/schemas/VisualStudio/TeamTest/2006">
  <TestRunConfiguration name="Local Test Run" id="c74d9c15-705c-4840-9d86-d3aad6609adf">
    <Description>This is a default test run configuration for a local test run.</Description>
    <Deployment runDeploymentRoot="C:\Users\paul\Documents\Visual Studio 2008\Projects\biz\TestResults\paul_PC49 2010-07-21 15_16_04">
      <DeploymentItem filename="c:\Users\paul\Documents\Visual Studio 2008\Projects\biz\Debug\biz.dll" />
    </Deployment>
    <TestTypeSpecific />
  </TestRunConfiguration>
  <ResultSummary outcome="Completed">
    <Counters total="47" executed="47" passed="47" error="0" failed="0" timeout="0" aborted="0" inconclusive="0" passedButRunAborted="0" notRunnable="0" notExecuted="0" disconnected="0" warning="0" completed="0" inProgress="0" pending="0" />
  </ResultSummary>
  <Times creation="2010-07-21T15:16:04.9515770+10:00" queuing="2010-07-21T15:16:05.2007264+10:00" start="2010-07-21T15:16:05.2457534+10:00" finish="2010-07-21T15:16:06.2813744+10:00" />
  <TestDefinitions>
    <UnitTest name="MaxInArrayIndexTest" storage="c:\users\paul\documents\visual studio 2008\projects\biz\debug\testbiz.dll" id="fd80901c-1a49-5527-4fe9-d552f08f118e">
      <Css projectStructure="" iteration="" />
      <Owners>
        <Owner name="" />
      </Owners>
      <Execution id="af1764b2-00ae-4255-a93f-48f1b92af533" />
      <TestMethod codeBase="c:\Users\paul\Documents\Visual Studio 2008\Projects\biz\Debug\TestBiz.dll" adapterTypeName="Microsoft.VisualStudio.TestTools.TestTypes.Unit.UnitTestAdapter, Microsoft.VisualStudio.QualityTools.Tips.UnitTest.Adapter, Version=9.0.0.0, Culture=neutral, PublicKeyToken=b03f5f7f11d50a3a" className="TestBiz.BizMathTest, TestBiz" name="MaxInArrayIndexTest" />
    </UnitTest>
    <UnitTest name="FunctionValueTest" storage="c:\users\paul\documents\visual studio 2008\projects\biz\debug\testbiz.dll" id="e28dd569-50e4-9f8e-23bb-2b71da05cff7">
      <Css projectStructure="" iteration="" />
      <Owners>
        <Owner name="" />
      </Owners>
      <Execution id="5ad9a2b4-b9c7-4dbf-83a2-18bac5f5b13d" />
      <TestMethod codeBase="c:\Users\paul\Documents\Visual Studio 2008\Projects\biz\Debug\TestBiz.dll" adapterTypeName="Microsoft.VisualStudio.TestTools.TestTypes.Unit.UnitTestAdapter, Microsoft.VisualStudio.QualityTools.Tips.UnitTest.Adapter, Version=9.0.0.0, Culture=neutral, PublicKeyToken=b03f5f7f11d50a3a" className="TestBiz.BizMathTest, TestBiz" name="FunctionValueTest" />
    </UnitTest>
    <UnitTest name="SplineTest" storage="c:\users\paul\documents\visual studio 2008\projects\biz\debug\testbiz.dll" id="9b5ac021-871a-ff1b-a751-0500118f99e8">
      <Css projectStructure="" iteration="" />
      <Owners>
        <Owner name="" />
      </Owners>
      <Execution id="dc98e706-09a2-4217-9dba-a70d1299aadf" />
      <TestMethod codeBase="c:\Users\paul\Documents\Visual Studio 2008\Projects\biz\Debug\TestBiz.dll" adapterTypeName="Microsoft.VisualStudio.TestTools.TestTypes.Unit.UnitTestAdapter, Microsoft.VisualStudio.QualityTools.Tips.UnitTest.Adapter, Version=9.0.0.0, Culture=neutral, PublicKeyToken=b03f5f7f11d50a3a" className="TestBiz.BizMathTest, TestBiz" name="SplineTest" />
    </UnitTest>
    <UnitTest name="IndexOfExtremumTest" storage="c:\users\paul\documents\visual studio 2008\projects\biz\debug\testbiz.dll" id="bcc1e447-2900-1168-938b-dd6541d2819e">
      <Css projectStructure="" iteration="" />
      <Owners>
        <Owner name="" />
      </Owners>
      <Execution id="15abe7c4-645b-4193-ba05-b07790b5dc21" />
      <TestMethod codeBase="c:\Users\paul\Documents\Visual Studio 2008\Projects\biz\Debug\TestBiz.dll" adapterTypeName="Microsoft.VisualStudio.TestTools.TestTypes.Unit.UnitTestAdapter, Microsoft.VisualStudio.QualityTools.Tips.UnitTest.Adapter, Version=9.0.0.0, Culture=neutral, PublicKeyToken=b03f5f7f11d50a3a" className="TestBiz.BizMathTest, TestBiz" name="IndexOfExtremumTest" />
    </UnitTest>
    <UnitTest name="RoundNearest20Test" storage="c:\users\paul\documents\visual studio 2008\projects\biz\debug\testbiz.dll" id="2f28b207-8670-e79c-94d1-7a27cec28f8b">
      <Css projectStructure="" iteration="" />
      <Owners>
        <Owner name="" />
      </Owners>
      <DeploymentItems>
        <DeploymentItem filename="TestBiz\RoundNearest20.csv" />
      </DeploymentItems>
      <Execution id="73d8355a-ee70-4252-918b-6324dcbadda0" />
      <TestMethod codeBase="c:\Users\paul\Documents\Visual Studio 2008\Projects\biz\Debug\TestBiz.dll" adapterTypeName="Microsoft.VisualStudio.TestTools.TestTypes.Unit.UnitTestAdapter, Microsoft.VisualStudio.QualityTools.Tips.UnitTest.Adapter, Version=9.0.0.0, Culture=neutral, PublicKeyToken=b03f5f7f11d50a3a" className="TestBiz.BizMathTest, TestBiz" name="RoundNearest20Test" />
      <DataSource connectionString="|DataDirectory|\RoundNearest20.csv" providerInvariantName="Microsoft.VisualStudio.TestTools.DataSource.CSV" tableName="RoundNearest20#csv" />
    </UnitTest>
    <UnitTest name="IndexToTimeTest" storage="c:\users\paul\documents\visual studio 2008\projects\biz\debug\testbiz.dll" id="fce7e08c-65a5-0029-62ce-3097e7d2f6d8">
      <Css projectStructure="" iteration="" />
      <Owners>
        <Owner name="" />
      </Owners>
      <DeploymentItems>
        <DeploymentItem filename="TestBiz\IndexToTime.csv" />
      </DeploymentItems>
      <Execution id="c8d2f752-a1a8-4c31-baeb-756baac66086" />
      <TestMethod codeBase="c:\Users\paul\Documents\Visual Studio 2008\Projects\biz\Debug\TestBiz.dll" adapterTypeName="Microsoft.VisualStudio.TestTools.TestTypes.Unit.UnitTestAdapter, Microsoft.VisualStudio.QualityTools.Tips.UnitTest.Adapter, Version=9.0.0.0, Culture=neutral, PublicKeyToken=b03f5f7f11d50a3a" className="TestBiz.BizMathTest, TestBiz" name="IndexToTimeTest" />
      <DataSource connectionString="|DataDirectory|\IndexToTime.csv" providerInvariantName="Microsoft.VisualStudio.TestTools.DataSource.CSV" tableName="IndexToTime#csv" />
    </UnitTest>
    <UnitTest name="TimeToIndexTest" storage="c:\users\paul\documents\visual studio 2008\projects\biz\debug\testbiz.dll" id="4c47b2fa-8c4c-9768-8c44-eb563177de77">
      <Css projectStructure="" iteration="" />
      <Owners>
        <Owner name="" />
      </Owners>
      <DeploymentItems>
        <DeploymentItem filename="TestBiz\TimeToIndex.csv" />
      </DeploymentItems>
      <Execution id="fd05bcd7-7174-4ae4-9dd9-dbe1dbbd1736" />
      <TestMethod codeBase="c:\Users\paul\Documents\Visual Studio 2008\Projects\biz\Debug\TestBiz.dll" adapterTypeName="Microsoft.VisualStudio.TestTools.TestTypes.Unit.UnitTestAdapter, Microsoft.VisualStudio.QualityTools.Tips.UnitTest.Adapter, Version=9.0.0.0, Culture=neutral, PublicKeyToken=b03f5f7f11d50a3a" className="TestBiz.BizMathTest, TestBiz" name="TimeToIndexTest" />
      <DataSource connectionString="|DataDirectory|\TimeToIndex.csv" providerInvariantName="Microsoft.VisualStudio.TestTools.DataSource.CSV" tableName="TimeToIndex#csv" />
    </UnitTest>
    <UnitTest name="MinMaxInArrayTest1" storage="c:\users\paul\documents\visual studio 2008\projects\biz\debug\testbiz.dll" id="99dc0859-7671-b0c6-7536-cdf797f8b7b3">
      <Css projectStructure="" iteration="" />
      <Owners>
        <Owner name="" />
      </Owners>
      <Execution id="c84cca88-c571-4b4b-bde3-d1a1fe91c704" />
      <TestMethod codeBase="c:\Users\paul\Documents\Visual Studio 2008\Projects\biz\Debug\TestBiz.dll" adapterTypeName="Microsoft.VisualStudio.TestTools.TestTypes.Unit.UnitTestAdapter, Microsoft.VisualStudio.QualityTools.Tips.UnitTest.Adapter, Version=9.0.0.0, Culture=neutral, PublicKeyToken=b03f5f7f11d50a3a" className="TestBiz.BizMathTest, TestBiz" name="MinMaxInArrayTest1" />
    </UnitTest>
    <UnitTest name="GetSplineIndexTest" storage="c:\users\paul\documents\visual studio 2008\projects\biz\debug\testbiz.dll" id="40d8abd5-9dd6-39a7-f6c9-4d01be5d1ece">
      <Css projectStructure="" iteration="" />
      <Owners>
        <Owner name="" />
      </Owners>
      <DeploymentItems>
        <DeploymentItem filename="TestBiz\GetSplineIndex.csv" />
      </DeploymentItems>
      <Execution id="c3c972c4-1adc-4af7-a015-6d7ecd825056" />
      <TestMethod codeBase="c:\Users\paul\Documents\Visual Studio 2008\Projects\biz\Debug\TestBiz.dll" adapterTypeName="Microsoft.VisualStudio.TestTools.TestTypes.Unit.UnitTestAdapter, Microsoft.VisualStudio.QualityTools.Tips.UnitTest.Adapter, Version=9.0.0.0, Culture=neutral, PublicKeyToken=b03f5f7f11d50a3a" className="TestBiz.BizMathTest, TestBiz" name="GetSplineIndexTest" />
      <DataSource connectionString="|DataDirectory|\GetSplineIndex.csv" providerInvariantName="Microsoft.VisualStudio.TestTools.DataSource.CSV" tableName="GetSplineIndex#csv" />
    </UnitTest>
    <UnitTest name="RoundTest" storage="c:\users\paul\documents\visual studio 2008\projects\biz\debug\testbiz.dll" id="8bf7487d-65dc-99b9-f208-34083c93270c">
      <Css projectStructure="" iteration="" />
      <Owners>
        <Owner name="" />
      </Owners>
      <DeploymentItems>
        <DeploymentItem filename="TestBiz\Round.csv" />
      </DeploymentItems>
      <Execution id="bf8bb2b0-1400-4281-bbf4-1e1d8e85ab37" />
      <TestMethod codeBase="c:\Users\paul\Documents\Visual Studio 2008\Projects\biz\Debug\TestBiz.dll" adapterTypeName="Microsoft.VisualStudio.TestTools.TestTypes.Unit.UnitTestAdapter, Microsoft.VisualStudio.QualityTools.Tips.UnitTest.Adapter, Version=9.0.0.0, Culture=neutral, PublicKeyToken=b03f5f7f11d50a3a" className="TestBiz.BizMathTest, TestBiz" name="RoundTest" />
      <DataSource connectionString="|DataDirectory|\Round.csv" providerInvariantName="Microsoft.VisualStudio.TestTools.DataSource.CSV" tableName="Round#csv" />
    </UnitTest>
    <UnitTest name="SmoothDerivative1Test" storage="c:\users\paul\documents\visual studio 2008\projects\biz\debug\testbiz.dll" id="e03d2922-ee00-2d06-c584-0099530fff18">
      <Css projectStructure="" iteration="" />
      <Owners>
        <Owner name="" />
      </Owners>
      <Execution id="97f19f11-6124-4a06-b7e6-35e02fe7af8f" />
      <TestMethod codeBase="c:\Users\paul\Documents\Visual Studio 2008\Projects\biz\Debug\TestBiz.dll" adapterTypeName="Microsoft.VisualStudio.TestTools.TestTypes.Unit.UnitTestAdapter, Microsoft.VisualStudio.QualityTools.Tips.UnitTest.Adapter, Version=9.0.0.0, Culture=neutral, PublicKeyToken=b03f5f7f11d50a3a" className="TestBiz.BizMathTest, TestBiz" name="SmoothDerivative1Test" />
    </UnitTest>
    <UnitTest name="MaxInArrayTest" storage="c:\users\paul\documents\visual studio 2008\projects\biz\debug\testbiz.dll" id="6a6efe9c-ce41-6858-052d-160bda5471b5">
      <Css projectStructure="" iteration="" />
      <Owners>
        <Owner name="" />
      </Owners>
      <DeploymentItems>
        <DeploymentItem filename="TestBiz\MaxInArray.csv" />
      </DeploymentItems>
      <Execution id="37761f6b-8f49-41ff-ad25-622b09c63a05" />
      <TestMethod codeBase="c:\Users\paul\Documents\Visual Studio 2008\Projects\biz\Debug\TestBiz.dll" adapterTypeName="Microsoft.VisualStudio.TestTools.TestTypes.Unit.UnitTestAdapter, Microsoft.VisualStudio.QualityTools.Tips.UnitTest.Adapter, Version=9.0.0.0, Culture=neutral, PublicKeyToken=b03f5f7f11d50a3a" className="TestBiz.BizMathTest, TestBiz" name="MaxInArrayTest" />
    </UnitTest>
    <UnitTest name="MinMaxInArrayTest" storage="c:\users\paul\documents\visual studio 2008\projects\biz\debug\testbiz.dll" id="d8e6be30-d625-5f22-edda-2cd409a999c9">
      <Css projectStructure="" iteration="" />
      <Owners>
        <Owner name="" />
      </Owners>
      <Execution id="0f58cd55-fb5a-434a-84ce-d1da651150b4" />
      <TestMethod codeBase="c:\Users\paul\Documents\Visual Studio 2008\Projects\biz\Debug\TestBiz.dll" adapterTypeName="Microsoft.VisualStudio.TestTools.TestTypes.Unit.UnitTestAdapter, Microsoft.VisualStudio.QualityTools.Tips.UnitTest.Adapter, Version=9.0.0.0, Culture=neutral, PublicKeyToken=b03f5f7f11d50a3a" className="TestBiz.BizMathTest, TestBiz" name="MinMaxInArrayTest" />
    </UnitTest>
    <UnitTest name="SmoothArrayTest" storage="c:\users\paul\documents\visual studio 2008\projects\biz\debug\testbiz.dll" id="aac6b5d6-2b92-6143-b051-b0fdfe807a5a">
      <Css projectStructure="" iteration="" />
      <Owners>
        <Owner name="" />
      </Owners>
      <Execution id="5841bbd4-e7b6-4d19-93d6-762972f760c7" />
      <TestMethod codeBase="c:\Users\paul\Documents\Visual Studio 2008\Projects\biz\Debug\TestBiz.dll" adapterTypeName="Microsoft.VisualStudio.TestTools.TestTypes.Unit.UnitTestAdapter, Microsoft.VisualStudio.QualityTools.Tips.UnitTest.Adapter, Version=9.0.0.0, Culture=neutral, PublicKeyToken=b03f5f7f11d50a3a" className="TestBiz.BizMathTest, TestBiz" name="SmoothArrayTest" />
    </UnitTest>
    <UnitTest name="MinInArrayTest" storage="c:\users\paul\documents\visual studio 2008\projects\biz\debug\testbiz.dll" id="d5d7e8eb-9a3b-7bb2-821e-2410a4c5a0c7">
      <Css projectStructure="" iteration="" />
      <Owners>
        <Owner name="" />
      </Owners>
      <Execution id="d3796b2f-b287-4c03-ae93-08d154433444" />
      <TestMethod codeBase="c:\Users\paul\Documents\Visual Studio 2008\Projects\biz\Debug\TestBiz.dll" adapterTypeName="Microsoft.VisualStudio.TestTools.TestTypes.Unit.UnitTestAdapter, Microsoft.VisualStudio.QualityTools.Tips.UnitTest.Adapter, Version=9.0.0.0, Culture=neutral, PublicKeyToken=b03f5f7f11d50a3a" className="TestBiz.BizMathTest, TestBiz" name="MinInArrayTest" />
    </UnitTest>
  </TestDefinitions>
  <TestLists>
    <TestList name="Results Not in a List" id="8c84fa94-04c1-424b-9868-57a2d4851a1d" />
    <TestList name="All Loaded Results" id="19431567-8539-422a-85d7-44ee4e166bda" />
  </TestLists>
  <TestEntries>
    <TestEntry testId="2f28b207-8670-e79c-94d1-7a27cec28f8b" executionId="73d8355a-ee70-4252-918b-6324dcbadda0" testListId="8c84fa94-04c1-424b-9868-57a2d4851a1d" />
    <TestEntry testId="40d8abd5-9dd6-39a7-f6c9-4d01be5d1ece" executionId="c3c972c4-1adc-4af7-a015-6d7ecd825056" testListId="8c84fa94-04c1-424b-9868-57a2d4851a1d" />
    <TestEntry testId="4c47b2fa-8c4c-9768-8c44-eb563177de77" executionId="fd05bcd7-7174-4ae4-9dd9-dbe1dbbd1736" testListId="8c84fa94-04c1-424b-9868-57a2d4851a1d" />
    <TestEntry testId="6a6efe9c-ce41-6858-052d-160bda5471b5" executionId="37761f6b-8f49-41ff-ad25-622b09c63a05" testListId="8c84fa94-04c1-424b-9868-57a2d4851a1d" />
    <TestEntry testId="8bf7487d-65dc-99b9-f208-34083c93270c" executionId="bf8bb2b0-1400-4281-bbf4-1e1d8e85ab37" testListId="8c84fa94-04c1-424b-9868-57a2d4851a1d" />
    <TestEntry testId="99dc0859-7671-b0c6-7536-cdf797f8b7b3" executionId="c84cca88-c571-4b4b-bde3-d1a1fe91c704" testListId="8c84fa94-04c1-424b-9868-57a2d4851a1d" />
    <TestEntry testId="9b5ac021-871a-ff1b-a751-0500118f99e8" executionId="dc98e706-09a2-4217-9dba-a70d1299aadf" testListId="8c84fa94-04c1-424b-9868-57a2d4851a1d" />
    <TestEntry testId="aac6b5d6-2b92-6143-b051-b0fdfe807a5a" executionId="5841bbd4-e7b6-4d19-93d6-762972f760c7" testListId="8c84fa94-04c1-424b-9868-57a2d4851a1d" />
    <TestEntry testId="bcc1e447-2900-1168-938b-dd6541d2819e" executionId="15abe7c4-645b-4193-ba05-b07790b5dc21" testListId="8c84fa94-04c1-424b-9868-57a2d4851a1d" />
    <TestEntry testId="d5d7e8eb-9a3b-7bb2-821e-2410a4c5a0c7" executionId="d3796b2f-b287-4c03-ae93-08d154433444" testListId="8c84fa94-04c1-424b-9868-57a2d4851a1d" />
    <TestEntry testId="d8e6be30-d625-5f22-edda-2cd409a999c9" executionId="0f58cd55-fb5a-434a-84ce-d1da651150b4" testListId="8c84fa94-04c1-424b-9868-57a2d4851a1d" />
    <TestEntry testId="e03d2922-ee00-2d06-c584-0099530fff18" executionId="97f19f11-6124-4a06-b7e6-35e02fe7af8f" testListId="8c84fa94-04c1-424b-9868-57a2d4851a1d" />
    <TestEntry testId="e28dd569-50e4-9f8e-23bb-2b71da05cff7" executionId="5ad9a2b4-b9c7-4dbf-83a2-18bac5f5b13d" testListId="8c84fa94-04c1-424b-9868-57a2d4851a1d" />
    <TestEntry testId="fce7e08c-65a5-0029-62ce-3097e7d2f6d8" executionId="c8d2f752-a1a8-4c31-baeb-756baac66086" testListId="8c84fa94-04c1-424b-9868-57a2d4851a1d" />
    <TestEntry testId="fd80901c-1a49-5527-4fe9-d552f08f118e" executionId="af1764b2-00ae-4255-a93f-48f1b92af533" testListId="8c84fa94-04c1-424b-9868-57a2d4851a1d" />
  </TestEntries>
  <Results>
    <UnitTestResult executionId="73d8355a-ee70-4252-918b-6324dcbadda0" testId="2f28b207-8670-e79c-94d1-7a27cec28f8b" testName="RoundNearest20Test" computerName="PC49" duration="00:00:00.2424872" startTime="2010-07-21T15:16:05.2767720+10:00" endTime="2010-07-21T15:16:05.7540582+10:00" testType="13cdc9d9-ddb5-4fa4-a97d-d965ccfc6d4b" outcome="Passed" testListId="8c84fa94-04c1-424b-9868-57a2d4851a1d" resultType="DataDrivenTest">
      <Output>
      </Output>
      <Counters error="0" failed="0" timeout="0" aborted="0" inconclusive="0" passedButRunAborted="0" notRunnable="0" notExecuted="0" disconnected="0" warning="0" passed="7" completed="0" inProgress="0" pending="0" />
      <InnerResults>
        <UnitTestResult executionId="727cc400-a9db-4432-95c5-1a2f0964fa02" parentExecutionId="73d8355a-ee70-4252-918b-6324dcbadda0" testId="2f28b207-8670-e79c-94d1-7a27cec28f8b" testName="RoundNearest20Test" computerName="PC49" duration="00:00:00.0906038" startTime="2010-07-21T15:16:05.6509964+10:00" endTime="2010-07-21T15:16:05.7450528+10:00" testType="13cdc9d9-ddb5-4fa4-a97d-d965ccfc6d4b" outcome="Passed" testListId="8c84fa94-04c1-424b-9868-57a2d4851a1d" dataRowInfo="0" resultType="DataDrivenDataRow" />
        <UnitTestResult executionId="5bc25526-23ca-4504-9c60-7855d3f24cd1" parentExecutionId="73d8355a-ee70-4252-918b-6324dcbadda0" testId="2f28b207-8670-e79c-94d1-7a27cec28f8b" testName="RoundNearest20Test" computerName="PC49" duration="00:00:00.0000471" startTime="2010-07-21T15:16:05.7450528+10:00" endTime="2010-07-21T15:16:05.7450528+10:00" testType="13cdc9d9-ddb5-4fa4-a97d-d965ccfc6d4b" outcome="Passed" testListId="8c84fa94-04c1-424b-9868-57a2d4851a1d" dataRowInfo="1" resultType="DataDrivenDataRow" />
        <UnitTestResult executionId="75450fd5-ed3d-4f8d-81e6-d4090e943e6a" parentExecutionId="73d8355a-ee70-4252-918b-6324dcbadda0" testId="2f28b207-8670-e79c-94d1-7a27cec28f8b" testName="RoundNearest20Test" computerName="PC49" duration="00:00:00.0000122" startTime="2010-07-21T15:16:05.7450528+10:00" endTime="2010-07-21T15:16:05.7450528+10:00" testType="13cdc9d9-ddb5-4fa4-a97d-d965ccfc6d4b" outcome="Passed" testListId="8c84fa94-04c1-424b-9868-57a2d4851a1d" dataRowInfo="2" resultType="DataDrivenDataRow" />
        <UnitTestResult executionId="d82c7190-cc22-4b10-a9d2-0efbaaf93f35" parentExecutionId="73d8355a-ee70-4252-918b-6324dcbadda0" testId="2f28b207-8670-e79c-94d1-7a27cec28f8b" testName="RoundNearest20Test" computerName="PC49" duration="00:00:00.0000111" startTime="2010-07-21T15:16:05.7450528+10:00" endTime="2010-07-21T15:16:05.7450528+10:00" testType="13cdc9d9-ddb5-4fa4-a97d-d965ccfc6d4b" outcome="Passed" testListId="8c84fa94-04c1-424b-9868-57a2d4851a1d" dataRowInfo="3" resultType="DataDrivenDataRow" />
        <UnitTestResult executionId="1fb8640b-ae84-4031-8ee0-ea0744122469" parentExecutionId="73d8355a-ee70-4252-918b-6324dcbadda0" testId="2f28b207-8670-e79c-94d1-7a27cec28f8b" testName="RoundNearest20Test" computerName="PC49" duration="00:00:00.0000108" startTime="2010-07-21T15:16:05.7450528+10:00" endTime="2010-07-21T15:16:05.7450528+10:00" testType="13cdc9d9-ddb5-4fa4-a97d-d965ccfc6d4b" outcome="Passed" testListId="8c84fa94-04c1-424b-9868-57a2d4851a1d" dataRowInfo="4" resultType="DataDrivenDataRow" />
        <UnitTestResult executionId="8c862afa-ef19-442d-a1cf-ff7a6cf11af5" parentExecutionId="73d8355a-ee70-4252-918b-6324dcbadda0" testId="2f28b207-8670-e79c-94d1-7a27cec28f8b" testName="RoundNearest20Test" computerName="PC49" duration="00:00:00.0000104" startTime="2010-07-21T15:16:05.7450528+10:00" endTime="2010-07-21T15:16:05.7450528+10:00" testType="13cdc9d9-ddb5-4fa4-a97d-d965ccfc6d4b" outcome="Passed" testListId="8c84fa94-04c1-424b-9868-57a2d4851a1d" dataRowInfo="5" resultType="DataDrivenDataRow" />
        <UnitTestResult executionId="8cf1df77-d5b4-45ea-ab51-19cf80ff6779" parentExecutionId="73d8355a-ee70-4252-918b-6324dcbadda0" testId="2f28b207-8670-e79c-94d1-7a27cec28f8b" testName="RoundNearest20Test" computerName="PC49" duration="00:00:00.0000108" startTime="2010-07-21T15:16:05.7450528+10:00" endTime="2010-07-21T15:16:05.7450528+10:00" testType="13cdc9d9-ddb5-4fa4-a97d-d965ccfc6d4b" outcome="Passed" testListId="8c84fa94-04c1-424b-9868-57a2d4851a1d" dataRowInfo="6" resultType="DataDrivenDataRow" />
      </InnerResults>
    </UnitTestResult>
    <UnitTestResult executionId="c3c972c4-1adc-4af7-a015-6d7ecd825056" testId="40d8abd5-9dd6-39a7-f6c9-4d01be5d1ece" testName="GetSplineIndexTest" computerName="PC49" duration="00:00:00.1082511" startTime="2010-07-21T15:16:05.7570600+10:00" endTime="2010-07-21T15:16:05.8681266+10:00" testType="13cdc9d9-ddb5-4fa4-a97d-d965ccfc6d4b" outcome="Passed" testListId="8c84fa94-04c1-424b-9868-57a2d4851a1d" resultType="DataDrivenTest">
      <Output>
      </Output>
      <Counters error="0" failed="0" timeout="0" aborted="0" inconclusive="0" passedButRunAborted="0" notRunnable="0" notExecuted="0" disconnected="0" warning="0" passed="5" completed="0" inProgress="0" pending="0" />
      <InnerResults>
        <UnitTestResult executionId="2d2eca2c-98e4-4a1c-86c5-f3c2105282ee" parentExecutionId="c3c972c4-1adc-4af7-a015-6d7ecd825056" testId="40d8abd5-9dd6-39a7-f6c9-4d01be5d1ece" testName="GetSplineIndexTest" computerName="PC49" duration="00:00:00.0006664" startTime="2010-07-21T15:16:05.8671260+10:00" endTime="2010-07-21T15:16:05.8671260+10:00" testType="13cdc9d9-ddb5-4fa4-a97d-d965ccfc6d4b" outcome="Passed" testListId="8c84fa94-04c1-424b-9868-57a2d4851a1d" dataRowInfo="0" resultType="DataDrivenDataRow" />
        <UnitTestResult executionId="5b1c2f79-d990-4b02-8e94-2085bea8a239" parentExecutionId="c3c972c4-1adc-4af7-a015-6d7ecd825056" testId="40d8abd5-9dd6-39a7-f6c9-4d01be5d1ece" testName="GetSplineIndexTest" computerName="PC49" duration="00:00:00.0000195" startTime="2010-07-21T15:16:05.8671260+10:00" endTime="2010-07-21T15:16:05.8671260+10:00" testType="13cdc9d9-ddb5-4fa4-a97d-d965ccfc6d4b" outcome="Passed" testListId="8c84fa94-04c1-424b-9868-57a2d4851a1d" dataRowInfo="1" resultType="DataDrivenDataRow" />
        <UnitTestResult executionId="64a58694-7ed9-4011-81d2-f697435bf10b" parentExecutionId="c3c972c4-1adc-4af7-a015-6d7ecd825056" testId="40d8abd5-9dd6-39a7-f6c9-4d01be5d1ece" testName="GetSplineIndexTest" computerName="PC49" duration="00:00:00.0000122" startTime="2010-07-21T15:16:05.8671260+10:00" endTime="2010-07-21T15:16:05.8671260+10:00" testType="13cdc9d9-ddb5-4fa4-a97d-d965ccfc6d4b" outcome="Passed" testListId="8c84fa94-04c1-424b-9868-57a2d4851a1d" dataRowInfo="2" resultType="DataDrivenDataRow" />
        <UnitTestResult executionId="29fe571c-5720-49cb-80dd-07bbe08bc7d0" parentExecutionId="c3c972c4-1adc-4af7-a015-6d7ecd825056" testId="40d8abd5-9dd6-39a7-f6c9-4d01be5d1ece" testName="GetSplineIndexTest" computerName="PC49" duration="00:00:00.0000115" startTime="2010-07-21T15:16:05.8671260+10:00" endTime="2010-07-21T15:16:05.8671260+10:00" testType="13cdc9d9-ddb5-4fa4-a97d-d965ccfc6d4b" outcome="Passed" testListId="8c84fa94-04c1-424b-9868-57a2d4851a1d" dataRowInfo="3" resultType="DataDrivenDataRow" />
        <UnitTestResult executionId="a24195ed-f718-422c-9e23-7efa8a82e888" parentExecutionId="c3c972c4-1adc-4af7-a015-6d7ecd825056" testId="40d8abd5-9dd6-39a7-f6c9-4d01be5d1ece" testName="GetSplineIndexTest" computerName="PC49" duration="00:00:00.0000115" startTime="2010-07-21T15:16:05.8671260+10:00" endTime="2010-07-21T15:16:05.8671260+10:00" testType="13cdc9d9-ddb5-4fa4-a97d-d965ccfc6d4b" outcome="Passed" testListId="8c84fa94-04c1-424b-9868-57a2d4851a1d" dataRowInfo="4" resultType="DataDrivenDataRow" />
      </InnerResults>
    </UnitTestResult>
    <UnitTestResult executionId="fd05bcd7-7174-4ae4-9dd9-dbe1dbbd1736" testId="4c47b2fa-8c4c-9768-8c44-eb563177de77" testName="TimeToIndexTest" computerName="PC49" duration="00:00:00.1078583" startTime="2010-07-21T15:16:05.8691272+10:00" endTime="2010-07-21T15:16:05.9801938+10:00" testType="13cdc9d9-ddb5-4fa4-a97d-d965ccfc6d4b" outcome="Passed" testListId="8c84fa94-04c1-424b-9868-57a2d4851a1d" resultType="DataDrivenTest">
      <Output>
      </Output>
      <Counters error="0" failed="0" timeout="0" aborted="0" inconclusive="0" passedButRunAborted="0" notRunnable="0" notExecuted="0" disconnected="0" warning="0" passed="7" completed="0" inProgress="0" pending="0" />
      <InnerResults>
        <UnitTestResult executionId="f71320b7-055b-4b72-bdd5-3a0629a2a225" parentExecutionId="fd05bcd7-7174-4ae4-9dd9-dbe1dbbd1736" testId="4c47b2fa-8c4c-9768-8c44-eb563177de77" testName="TimeToIndexTest" computerName="PC49" duration="00:00:00.0009205" startTime="2010-07-21T15:16:05.9791932+10:00" endTime="2010-07-21T15:16:05.9801938+10:00" testType="13cdc9d9-ddb5-4fa4-a97d-d965ccfc6d4b" outcome="Passed" testListId="8c84fa94-04c1-424b-9868-57a2d4851a1d" dataRowInfo="0" resultType="DataDrivenDataRow" />
        <UnitTestResult executionId="9a8fc2f1-c3bc-40a1-ad69-fdf92e07c7b1" parentExecutionId="fd05bcd7-7174-4ae4-9dd9-dbe1dbbd1736" testId="4c47b2fa-8c4c-9768-8c44-eb563177de77" testName="TimeToIndexTest" computerName="PC49" duration="00:00:00.0000171" startTime="2010-07-21T15:16:05.9801938+10:00" endTime="2010-07-21T15:16:05.9801938+10:00" testType="13cdc9d9-ddb5-4fa4-a97d-d965ccfc6d4b" outcome="Passed" testListId="8c84fa94-04c1-424b-9868-57a2d4851a1d" dataRowInfo="1" resultType="DataDrivenDataRow" />
        <UnitTestResult executionId="0694725f-7e86-4369-9476-2d6e7279391d" parentExecutionId="fd05bcd7-7174-4ae4-9dd9-dbe1dbbd1736" testId="4c47b2fa-8c4c-9768-8c44-eb563177de77" testName="TimeToIndexTest" computerName="PC49" duration="00:00:00.0000115" startTime="2010-07-21T15:16:05.9801938+10:00" endTime="2010-07-21T15:16:05.9801938+10:00" testType="13cdc9d9-ddb5-4fa4-a97d-d965ccfc6d4b" outcome="Passed" testListId="8c84fa94-04c1-424b-9868-57a2d4851a1d" dataRowInfo="2" resultType="DataDrivenDataRow" />
        <UnitTestResult executionId="291679f6-9e7d-44e8-a2d5-500efca3478b" parentExecutionId="fd05bcd7-7174-4ae4-9dd9-dbe1dbbd1736" testId="4c47b2fa-8c4c-9768-8c44-eb563177de77" testName="TimeToIndexTest" computerName="PC49" duration="00:00:00.0000118" startTime="2010-07-21T15:16:05.9801938+10:00" endTime="2010-07-21T15:16:05.9801938+10:00" testType="13cdc9d9-ddb5-4fa4-a97d-d965ccfc6d4b" outcome="Passed" testListId="8c84fa94-04c1-424b-9868-57a2d4851a1d" dataRowInfo="3" resultType="DataDrivenDataRow" />
        <UnitTestResult executionId="eb2521cb-dff4-4441-919d-4c9dbcc5d6b8" parentExecutionId="fd05bcd7-7174-4ae4-9dd9-dbe1dbbd1736" testId="4c47b2fa-8c4c-9768-8c44-eb563177de77" testName="TimeToIndexTest" computerName="PC49" duration="00:00:00.0000108" startTime="2010-07-21T15:16:05.9801938+10:00" endTime="2010-07-21T15:16:05.9801938+10:00" testType="13cdc9d9-ddb5-4fa4-a97d-d965ccfc6d4b" outcome="Passed" testListId="8c84fa94-04c1-424b-9868-57a2d4851a1d" dataRowInfo="4" resultType="DataDrivenDataRow" />
        <UnitTestResult executionId="ddece0d9-732c-4c09-b3b2-db204493e616" parentExecutionId="fd05bcd7-7174-4ae4-9dd9-dbe1dbbd1736" testId="4c47b2fa-8c4c-9768-8c44-eb563177de77" testName="TimeToIndexTest" computerName="PC49" duration="00:00:00.0000111" startTime="2010-07-21T15:16:05.9801938+10:00" endTime="2010-07-21T15:16:05.9801938+10:00" testType="13cdc9d9-ddb5-4fa4-a97d-d965ccfc6d4b" outcome="Passed" testListId="8c84fa94-04c1-424b-9868-57a2d4851a1d" dataRowInfo="5" resultType="DataDrivenDataRow" />
        <UnitTestResult executionId="e6743819-8bd2-4f3e-9e98-eb6ad0145b88" parentExecutionId="fd05bcd7-7174-4ae4-9dd9-dbe1dbbd1736" testId="4c47b2fa-8c4c-9768-8c44-eb563177de77" testName="TimeToIndexTest" computerName="PC49" duration="00:00:00.0000111" startTime="2010-07-21T15:16:05.9801938+10:00" endTime="2010-07-21T15:16:05.9801938+10:00" testType="13cdc9d9-ddb5-4fa4-a97d-d965ccfc6d4b" outcome="Passed" testListId="8c84fa94-04c1-424b-9868-57a2d4851a1d" dataRowInfo="6" resultType="DataDrivenDataRow" />
      </InnerResults>
    </UnitTestResult>
    <UnitTestResult executionId="37761f6b-8f49-41ff-ad25-622b09c63a05" testId="6a6efe9c-ce41-6858-052d-160bda5471b5" testName="MaxInArrayTest" computerName="PC49" duration="00:00:00.0003857" startTime="2010-07-21T15:16:05.9831956+10:00" endTime="2010-07-21T15:16:05.9871980+10:00" testType="13cdc9d9-ddb5-4fa4-a97d-d965ccfc6d4b" outcome="Passed" testListId="8c84fa94-04c1-424b-9868-57a2d4851a1d">
      <Output>
      </Output>
    </UnitTestResult>
    <UnitTestResult executionId="bf8bb2b0-1400-4281-bbf4-1e1d8e85ab37" testId="8bf7487d-65dc-99b9-f208-34083c93270c" testName="RoundTest" computerName="PC49" duration="00:00:00.1134546" startTime="2010-07-21T15:16:05.9871980+10:00" endTime="2010-07-21T15:16:06.1042682+10:00" testType="13cdc9d9-ddb5-4fa4-a97d-d965ccfc6d4b" outcome="Passed" testListId="8c84fa94-04c1-424b-9868-57a2d4851a1d" resultType="DataDrivenTest">
      <Output>
      </Output>
      <Counters error="0" failed="0" timeout="0" aborted="0" inconclusive="0" passedButRunAborted="0" notRunnable="0" notExecuted="0" disconnected="0" warning="0" passed="7" completed="0" inProgress="0" pending="0" />
      <InnerResults>
        <UnitTestResult executionId="bf3f5da6-bc72-4068-8c25-184067daf568" parentExecutionId="bf8bb2b0-1400-4281-bbf4-1e1d8e85ab37" testId="8bf7487d-65dc-99b9-f208-34083c93270c" testName="RoundTest" computerName="PC49" duration="00:00:00.0003693" startTime="2010-07-21T15:16:06.1032676+10:00" endTime="2010-07-21T15:16:06.1032676+10:00" testType="13cdc9d9-ddb5-4fa4-a97d-d965ccfc6d4b" outcome="Passed" testListId="8c84fa94-04c1-424b-9868-57a2d4851a1d" dataRowInfo="0" resultType="DataDrivenDataRow" />
        <UnitTestResult executionId="144ea35d-cdaa-4350-8774-0d38c7f7278e" parentExecutionId="bf8bb2b0-1400-4281-bbf4-1e1d8e85ab37" testId="8bf7487d-65dc-99b9-f208-34083c93270c" testName="RoundTest" computerName="PC49" duration="00:00:00.0000192" startTime="2010-07-21T15:16:06.1032676+10:00" endTime="2010-07-21T15:16:06.1032676+10:00" testType="13cdc9d9-ddb5-4fa4-a97d-d965ccfc6d4b" outcome="Passed" testListId="8c84fa94-04c1-424b-9868-57a2d4851a1d" dataRowInfo="1" resultType="DataDrivenDataRow" />
        <UnitTestResult executionId="03782727-ea79-4fa9-b81a-e536d7104a24" parentExecutionId="bf8bb2b0-1400-4281-bbf4-1e1d8e85ab37" testId="8bf7487d-65dc-99b9-f208-34083c93270c" testName="RoundTest" computerName="PC49" duration="00:00:00.0000118" startTime="2010-07-21T15:16:06.1032676+10:00" endTime="2010-07-21T15:16:06.1032676+10:00" testType="13cdc9d9-ddb5-4fa4-a97d-d965ccfc6d4b" outcome="Passed" testListId="8c84fa94-04c1-424b-9868-57a2d4851a1d" dataRowInfo="2" resultType="DataDrivenDataRow" />
        <UnitTestResult executionId="83701267-6509-4018-ae5f-f2219b54f13d" parentExecutionId="bf8bb2b0-1400-4281-bbf4-1e1d8e85ab37" testId="8bf7487d-65dc-99b9-f208-34083c93270c" testName="RoundTest" computerName="PC49" duration="00:00:00.0000164" startTime="2010-07-21T15:16:06.1032676+10:00" endTime="2010-07-21T15:16:06.1032676+10:00" testType="13cdc9d9-ddb5-4fa4-a97d-d965ccfc6d4b" outcome="Passed" testListId="8c84fa94-04c1-424b-9868-57a2d4851a1d" dataRowInfo="3" resultType="DataDrivenDataRow" />
        <UnitTestResult executionId="a8f725aa-047f-40bb-b22c-1f4d31ace7db" parentExecutionId="bf8bb2b0-1400-4281-bbf4-1e1d8e85ab37" testId="8bf7487d-65dc-99b9-f208-34083c93270c" testName="RoundTest" computerName="PC49" duration="00:00:00.0000111" startTime="2010-07-21T15:16:06.1032676+10:00" endTime="2010-07-21T15:16:06.1032676+10:00" testType="13cdc9d9-ddb5-4fa4-a97d-d965ccfc6d4b" outcome="Passed" testListId="8c84fa94-04c1-424b-9868-57a2d4851a1d" dataRowInfo="4" resultType="DataDrivenDataRow" />
        <UnitTestResult executionId="faef98c8-f695-4f35-be5d-fd22bd14418f" parentExecutionId="bf8bb2b0-1400-4281-bbf4-1e1d8e85ab37" testId="8bf7487d-65dc-99b9-f208-34083c93270c" testName="RoundTest" computerName="PC49" duration="00:00:00.0000115" startTime="2010-07-21T15:16:06.1032676+10:00" endTime="2010-07-21T15:16:06.1032676+10:00" testType="13cdc9d9-ddb5-4fa4-a97d-d965ccfc6d4b" outcome="Passed" testListId="8c84fa94-04c1-424b-9868-57a2d4851a1d" dataRowInfo="5" resultType="DataDrivenDataRow" />
        <UnitTestResult executionId="a875d58c-5396-4117-a1ce-2aa1c3c6b733" parentExecutionId="bf8bb2b0-1400-4281-bbf4-1e1d8e85ab37" testId="8bf7487d-65dc-99b9-f208-34083c93270c" testName="RoundTest" computerName="PC49" duration="00:00:00.0000108" startTime="2010-07-21T15:16:06.1032676+10:00" endTime="2010-07-21T15:16:06.1032676+10:00" testType="13cdc9d9-ddb5-4fa4-a97d-d965ccfc6d4b" outcome="Passed" testListId="8c84fa94-04c1-424b-9868-57a2d4851a1d" dataRowInfo="6" resultType="DataDrivenDataRow" />
      </InnerResults>
    </UnitTestResult>
    <UnitTestResult executionId="c84cca88-c571-4b4b-bde3-d1a1fe91c704" testId="99dc0859-7671-b0c6-7536-cdf797f8b7b3" testName="MinMaxInArrayTest1" computerName="PC49" duration="00:00:00.0006646" startTime="2010-07-21T15:16:06.1052688+10:00" endTime="2010-07-21T15:16:06.1092712+10:00" testType="13cdc9d9-ddb5-4fa4-a97d-d965ccfc6d4b" outcome="Passed" testListId="8c84fa94-04c1-424b-9868-57a2d4851a1d">
      <Output>
      </Output>
    </UnitTestResult>
    <UnitTestResult executionId="dc98e706-09a2-4217-9dba-a70d1299aadf" testId="9b5ac021-871a-ff1b-a751-0500118f99e8" testName="SplineTest" computerName="PC49" duration="00:00:00.0009736" startTime="2010-07-21T15:16:06.1112724+10:00" endTime="2010-07-21T15:16:06.1142742+10:00" testType="13cdc9d9-ddb5-4fa4-a97d-d965ccfc6d4b" outcome="Passed" testListId="8c84fa94-04c1-424b-9868-57a2d4851a1d">
      <Output>
      </Output>
    </UnitTestResult>
    <UnitTestResult executionId="5841bbd4-e7b6-4d19-93d6-762972f760c7" testId="aac6b5d6-2b92-6143-b051-b0fdfe807a5a" testName="SmoothArrayTest" computerName="PC49" duration="00:00:00.0007613" startTime="2010-07-21T15:16:06.1152748+10:00" endTime="2010-07-21T15:16:06.1192772+10:00" testType="13cdc9d9-ddb5-4fa4-a97d-d965ccfc6d4b" outcome="Passed" testListId="8c84fa94-04c1-424b-9868-57a2d4851a1d">
      <Output>
      </Output>
    </UnitTestResult>
    <UnitTestResult executionId="15abe7c4-645b-4193-ba05-b07790b5dc21" testId="bcc1e447-2900-1168-938b-dd6541d2819e" testName="IndexOfExtremumTest" computerName="PC49" duration="00:00:00.0006112" startTime="2010-07-21T15:16:06.1202778+10:00" endTime="2010-07-21T15:16:06.1242802+10:00" testType="13cdc9d9-ddb5-4fa4-a97d-d965ccfc6d4b" outcome="Passed" testListId="8c84fa94-04c1-424b-9868-57a2d4851a1d">
      <Output>
      </Output>
    </UnitTestResult>
    <UnitTestResult executionId="d3796b2f-b287-4c03-ae93-08d154433444" testId="d5d7e8eb-9a3b-7bb2-821e-2410a4c5a0c7" testName="MinInArrayTest" computerName="PC49" duration="00:00:00.0004119" startTime="2010-07-21T15:16:06.1252808+10:00" endTime="2010-07-21T15:16:06.1292832+10:00" testType="13cdc9d9-ddb5-4fa4-a97d-d965ccfc6d4b" outcome="Passed" testListId="8c84fa94-04c1-424b-9868-57a2d4851a1d">
      <Output>
      </Output>
    </UnitTestResult>
    <UnitTestResult executionId="0f58cd55-fb5a-434a-84ce-d1da651150b4" testId="d8e6be30-d625-5f22-edda-2cd409a999c9" testName="MinMaxInArrayTest" computerName="PC49" duration="00:00:00.0005473" startTime="2010-07-21T15:16:06.1302838+10:00" endTime="2010-07-21T15:16:06.1332856+10:00" testType="13cdc9d9-ddb5-4fa4-a97d-d965ccfc6d4b" outcome="Passed" testListId="8c84fa94-04c1-424b-9868-57a2d4851a1d">
      <Output>
      </Output>
    </UnitTestResult>
    <UnitTestResult executionId="97f19f11-6124-4a06-b7e6-35e02fe7af8f" testId="e03d2922-ee00-2d06-c584-0099530fff18" testName="SmoothDerivative1Test" computerName="PC49" duration="00:00:00.0008660" startTime="2010-07-21T15:16:06.1342862+10:00" endTime="2010-07-21T15:16:06.1382886+10:00" testType="13cdc9d9-ddb5-4fa4-a97d-d965ccfc6d4b" outcome="Passed" testListId="8c84fa94-04c1-424b-9868-57a2d4851a1d">
      <Output>
      </Output>
    </UnitTestResult>
    <UnitTestResult executionId="5ad9a2b4-b9c7-4dbf-83a2-18bac5f5b13d" testId="e28dd569-50e4-9f8e-23bb-2b71da05cff7" testName="FunctionValueTest" computerName="PC49" duration="00:00:00.0004890" startTime="2010-07-21T15:16:06.1392892+10:00" endTime="2010-07-21T15:16:06.1442922+10:00" testType="13cdc9d9-ddb5-4fa4-a97d-d965ccfc6d4b" outcome="Passed" testListId="8c84fa94-04c1-424b-9868-57a2d4851a1d">
      <Output>
      </Output>
    </UnitTestResult>
    <UnitTestResult executionId="c8d2f752-a1a8-4c31-baeb-756baac66086" testId="fce7e08c-65a5-0029-62ce-3097e7d2f6d8" testName="IndexToTimeTest" computerName="PC49" duration="00:00:00.1092292" startTime="2010-07-21T15:16:06.1442922+10:00" endTime="2010-07-21T15:16:06.2613624+10:00" testType="13cdc9d9-ddb5-4fa4-a97d-d965ccfc6d4b" outcome="Passed" testListId="8c84fa94-04c1-424b-9868-57a2d4851a1d" resultType="DataDrivenTest">
      <Output>
      </Output>
      <Counters error="0" failed="0" timeout="0" aborted="0" inconclusive="0" passedButRunAborted="0" notRunnable="0" notExecuted="0" disconnected="0" warning="0" passed="6" completed="0" inProgress="0" pending="0" />
      <InnerResults>
        <UnitTestResult executionId="8b63abd9-c577-421c-8e27-5edb31a704f1" parentExecutionId="c8d2f752-a1a8-4c31-baeb-756baac66086" testId="fce7e08c-65a5-0029-62ce-3097e7d2f6d8" testName="IndexToTimeTest" computerName="PC49" duration="00:00:00.0005955" startTime="2010-07-21T15:16:06.2603618+10:00" endTime="2010-07-21T15:16:06.2603618+10:00" testType="13cdc9d9-ddb5-4fa4-a97d-d965ccfc6d4b" outcome="Passed" testListId="8c84fa94-04c1-424b-9868-57a2d4851a1d" dataRowInfo="0" resultType="DataDrivenDataRow" />
        <UnitTestResult executionId="66fe06c9-1c6f-4206-8cb8-fd73ab4c61ee" parentExecutionId="c8d2f752-a1a8-4c31-baeb-756baac66086" testId="fce7e08c-65a5-0029-62ce-3097e7d2f6d8" testName="IndexToTimeTest" computerName="PC49" duration="00:00:00.0000188" startTime="2010-07-21T15:16:06.2603618+10:00" endTime="2010-07-21T15:16:06.2603618+10:00" testType="13cdc9d9-ddb5-4fa4-a97d-d965ccfc6d4b" outcome="Passed" testListId="8c84fa94-04c1-424b-9868-57a2d4851a1d" dataRowInfo="1" resultType="DataDrivenDataRow" />
        <UnitTestResult executionId="e638136f-7543-438c-b96e-b08d0950a2fe" parentExecutionId="c8d2f752-a1a8-4c31-baeb-756baac66086" testId="fce7e08c-65a5-0029-62ce-3097e7d2f6d8" testName="IndexToTimeTest" computerName="PC49" duration="00:00:00.0000118" startTime="2010-07-21T15:16:06.2603618+10:00" endTime="2010-07-21T15:16:06.2603618+10:00" testType="13cdc9d9-ddb5-4fa4-a97d-d965ccfc6d4b" outcome="Passed" testListId="8c84fa94-04c1-424b-9868-57a2d4851a1d" dataRowInfo="2" resultType="DataDrivenDataRow" />
        <UnitTestResult executionId="5117b85c-1f97-4dc1-84ae-111c1dc37629" parentExecutionId="c8d2f752-a1a8-4c31-baeb-756baac66086" testId="fce7e08c-65a5-0029-62ce-3097e7d2f6d8" testName="IndexToTimeTest" computerName="PC49" duration="00:00:00.0000115" startTime="2010-07-21T15:16:06.2603618+10:00" endTime="2010-07-21T15:16:06.2603618+10:00" testType="13cdc9d9-ddb5-4fa4-a97d-d965ccfc6d4b" outcome="Passed" testListId="8c84fa94-04c1-424b-9868-57a2d4851a1d" dataRowInfo="3" resultType="DataDrivenDataRow" />
        <UnitTestResult executionId="85cb3614-e32e-4771-9aac-4250eadd1e50" parentExecutionId="c8d2f752-a1a8-4c31-baeb-756baac66086" testId="fce7e08c-65a5-0029-62ce-3097e7d2f6d8" testName="IndexToTimeTest" computerName="PC49" duration="00:00:00.0000167" startTime="2010-07-21T15:16:06.2603618+10:00" endTime="2010-07-21T15:16:06.2603618+10:00" testType="13cdc9d9-ddb5-4fa4-a97d-d965ccfc6d4b" outcome="Passed" testListId="8c84fa94-04c1-424b-9868-57a2d4851a1d" dataRowInfo="4" resultType="DataDrivenDataRow" />
        <UnitTestResult executionId="84945da7-154d-4a22-befe-3616d7e2b968" parentExecutionId="c8d2f752-a1a8-4c31-baeb-756baac66086" testId="fce7e08c-65a5-0029-62ce-3097e7d2f6d8" testName="IndexToTimeTest" computerName="PC49" duration="00:00:00.0000118" startTime="2010-07-21T15:16:06.2603618+10:00" endTime="2010-07-21T15:16:06.2603618+10:00" testType="13cdc9d9-ddb5-4fa4-a97d-d965ccfc6d4b" outcome="Passed" testListId="8c84fa94-04c1-424b-9868-57a2d4851a1d" dataRowInfo="5" resultType="DataDrivenDataRow" />
      </InnerResults>
    </UnitTestResult>
    <UnitTestResult executionId="af1764b2-00ae-4255-a93f-48f1b92af533" testId="fd80901c-1a49-5527-4fe9-d552f08f118e" testName="MaxInArrayIndexTest" computerName="PC49" duration="00:00:00.0004213" startTime="2010-07-21T15:16:06.2643642+10:00" endTime="2010-07-21T15:16:06.2673660+10:00" testType="13cdc9d9-ddb5-4fa4-a97d-d965ccfc6d4b" outcome="Passed" testListId="8c84fa94-04c1-424b-9868-57a2d4851a1d">
      <Output>
      </Output>
    </UnitTestResult>
  </Results>
</TestRun>