<?xml version="1.0" encoding="UTF-8"?>
<TestRun id="f4a93bf3-ff99-494d-8257-a4b844f39e07" name="paul@PC49 2010-07-21 11:41:06" runUser="ATCORAU\paul" xmlns="http://microsoft.com/schemas/VisualStudio/TeamTest/2006">
  <TestRunConfiguration name="Local Test Run" id="c74d9c15-705c-4840-9d86-d3aad6609adf">
    <Description>This is a default test run configuration for a local test run.</Description>
    <Deployment runDeploymentRoot="C:\Users\paul\Documents\Visual Studio 2008\Projects\biz\TestResults\paul_PC49 2010-07-21 11_41_06">
      <DeploymentItem filename="c:\Users\paul\Documents\Visual Studio 2008\Projects\biz\Debug\biz.dll" />
    </Deployment>
    <TestTypeSpecific />
  </TestRunConfiguration>
  <ResultSummary outcome="Completed">
    <Counters total="1" executed="1" passed="1" error="0" failed="0" timeout="0" aborted="0" inconclusive="0" passedButRunAborted="0" notRunnable="0" notExecuted="0" disconnected="0" warning="0" completed="0" inProgress="0" pending="0" />
  </ResultSummary>
  <Times creation="2010-07-21T11:41:06.8914246+10:00" queuing="2010-07-21T11:41:07.0575574+10:00" start="2010-07-21T11:41:07.1266126+10:00" finish="2010-07-21T11:41:07.4688862+10:00" />
  <TestDefinitions>
    <UnitTest name="MaxInArrayIndexTest" storage="c:\users\paul\documents\visual studio 2008\projects\biz\debug\testbiz.dll" id="fd80901c-1a49-5527-4fe9-d552f08f118e">
      <Css projectStructure="" iteration="" />
      <Owners>
        <Owner name="" />
      </Owners>
      <Execution id="115f13c4-385e-4ea1-be59-dd5a11b6bbfa" />
      <TestMethod codeBase="c:\Users\paul\Documents\Visual Studio 2008\Projects\biz\Debug\TestBiz.dll" adapterTypeName="Microsoft.VisualStudio.TestTools.TestTypes.Unit.UnitTestAdapter, Microsoft.VisualStudio.QualityTools.Tips.UnitTest.Adapter, Version=9.0.0.0, Culture=neutral, PublicKeyToken=b03f5f7f11d50a3a" className="TestBiz.BizMathTest, TestBiz" name="MaxInArrayIndexTest" />
    </UnitTest>
  </TestDefinitions>
  <TestLists>
    <TestList name="Results Not in a List" id="8c84fa94-04c1-424b-9868-57a2d4851a1d" />
    <TestList name="All Loaded Results" id="19431567-8539-422a-85d7-44ee4e166bda" />
  </TestLists>
  <TestEntries>
    <TestEntry testId="fd80901c-1a49-5527-4fe9-d552f08f118e" executionId="115f13c4-385e-4ea1-be59-dd5a11b6bbfa" testListId="8c84fa94-04c1-424b-9868-57a2d4851a1d" />
  </TestEntries>
  <Results>
    <UnitTestResult executionId="115f13c4-385e-4ea1-be59-dd5a11b6bbfa" testId="fd80901c-1a49-5527-4fe9-d552f08f118e" testName="MaxInArrayIndexTest" computerName="PC49" duration="00:00:00.0895907" startTime="2010-07-21T11:41:07.1436262+10:00" endTime="2010-07-21T11:41:07.4538742+10:00" testType="13cdc9d9-ddb5-4fa4-a97d-d965ccfc6d4b" outcome="Passed" testListId="8c84fa94-04c1-424b-9868-57a2d4851a1d">
      <Output>
      </Output>
    </UnitTestResult>
  </Results>
</TestRun>